
> prepx-ai-trading-bot@1.0.0 build /Users/mokshya/Desktop/prep-x
> next build

   ▲ Next.js 15.2.4
   - Environments: .env.local
   - Experiments (use with caution):
     ✓ optimizeCss

   Creating an optimized production build ...
 ✓ Compiled successfully
   Linting and checking validity of types ...
Failed to compile.

./lib/services/wallets/BitcoinWalletService.ts:4:22
Type error: Could not find a declaration file for module 'tiny-secp256k1'. '/Users/mokshya/Desktop/prep-x/node_modules/.pnpm/tiny-secp256k1@1.1.7/node_modules/tiny-secp256k1/index.js' implicitly has an 'any' type.
  Try `npm i --save-dev @types/tiny-secp256k1` if it exists or add a new declaration (.d.ts) file containing `declare module 'tiny-secp256k1';`

[0m [90m 2 |[39m [36mimport[39m [33m*[39m [36mas[39m bitcoin [36mfrom[39m [32m'bitcoinjs-lib'[39m[0m
[0m [90m 3 |[39m [36mimport[39m { [33mBIP32Factory[39m } [36mfrom[39m [32m'bip32'[39m[0m
[0m[31m[1m>[22m[39m[90m 4 |[39m [36mimport[39m [33m*[39m [36mas[39m ecc [36mfrom[39m [32m'tiny-secp256k1'[39m[0m
[0m [90m   |[39m                      [31m[1m^[22m[39m[0m
[0m [90m 5 |[39m [36mimport[39m { [33mIGenericWalletService[39m[33m,[39m [33mWalletInfo[39m } [36mfrom[39m [32m'./IGenericWalletService'[39m[0m
[0m [90m 6 |[39m[0m
[0m [90m 7 |[39m [90m// You need to install: npm install bip39 bitcoinjs-lib bip32 tiny-secp256k1[39m[0m
Next.js build worker exited with code: 1 and signal: null
 ELIFECYCLE  Command failed with exit code 1.
